// Jest Snapshot v1, https://goo.gl/fbAQLP

exports[`app/layout should match layout snapshot 1`] = `
<html
  lang="en"
>
  <body
    className="className"
  >
    <main
      className="flex min-h-screen min-w-screen flex-col items-center py-24 gap-8"
    >
      <div
        className="flex flex-col items-center"
      >
        <h1
          className="text-4xl font-bold text-center text-gray-200"
        >
          Google Calendar Sync
        </h1>
        <p
          className="text-xl text-center text-gray-300"
        >
          Sync events between two Google calendars
        </p>
      </div>
      Testing
    </main>
  </body>
</html>
`;
